// Jest Snapshot v1, https://goo.gl/fbAQLP

exports[`AddComment It renders correctly 1`] = `
<div
  className="add-comment"
>
  <Image
    as="img"
    circular={true}
    className="user-image"
    src="http://via.placeholder.com/48x48"
    ui={true}
  />
  <Form
    as="form"
  >
    <FormTextArea
      as={[Function]}
      autoHeight={true}
      control={[Function]}
      placeholder="Add your comment"
    />
  </Form>
</div>
`;
