// Jest Snapshot v1, https://goo.gl/fbAQLP

exports[`App renders 1`] = `
<AppLayout>
  <Switch>
    <Route
      component={[Function]}
      path="/Watch"
    />
    <Route
      component={[Function]}
      path="/"
    />
  </Switch>
</AppLayout>
`;
